
[1m[46m RUN [49m[22m [36mv4.1.0 [39m[90mC:/Users/ebelo/Desktop/Wiznsoft/MERN projects/Skillvyn/backend[39m

[90mstdout[2m | tests/coupon.test.js
[22m[39m[dotenv@17.3.1] injecting env (12) from .env -- tip: ≡ƒöÉ prevent building .env in docker: https://dotenvx.com/prebuild

[90mstdout[2m | tests/coupon.test.js[2m > [22m[2mCoupon API
[22m[39mConnected to MongoDB

 [31mΓ¥»[39m tests/coupon.test.js [2m([22m[2m4 tests[22m[2m | [22m[31m1 failed[39m[2m)[22m[32m 134[2mms[22m[39m
       [32mΓ£ô[39m should reject a percentage discount greater than 100[32m 53[2mms[22m[39m
       [32mΓ£ô[39m should reject invalid coupon codes (too short)[32m 13[2mms[22m[39m
       [32mΓ£ô[39m should reject negative discount values[32m 9[2mms[22m[39m
[31m       [31m├ù[31m should fail to validate a non-existent coupon[39m[32m 16[2mms[22m[39m
node.exe : 
At line:1 char:1
+ & "C:\Program 
Files\nodejs/node.exe" "C:\Us
ers\ebelo\AppData\Roaming\ 
...
+ ~~~~~~~~~~~~~~~~~~~~~~~~~~~
~~~~~~~~~~~~~~~~~~~~~~~~~~~~~
~~~~~~~~~~~~~
    + CategoryInfo           
   : NotSpecified: (:String  
  ) [], RemoteException
    + FullyQualifiedErrorId  
   : NativeCommandError
 
[31mΓÄ»ΓÄ»ΓÄ»ΓÄ»ΓÄ»ΓÄ»ΓÄ»[3
9m[1m[41m Failed Tests 1 [
49m[22m[31mΓÄ»ΓÄ»ΓÄ»ΓÄ»ΓÄ»Γ
Ä»ΓÄ»[39m

[41m[1m FAIL [22m[49m 
tests/coupon.test.js[2m > 
[22mCoupon API[2m > 
[22mBusiness Logic Tests 
(Checkout)[2m > [22mshould 
fail to validate a 
non-existent coupon
[31m[1mAssertionError[22m:
 expected 401 to be 404 // 
Object.is equality[39m

[32m- Expected[39m
[31m+ Received[39m

[32m- 404[39m
[31m+ 401[39m

[36m [2mΓ¥»[22m tests/coup
on.test.js:[2m82:32[22m[39
m
    [90m 80|[39m           
      })[33m;[39m
    [90m 81|[39m
    [90m 82|[39m           
  [34mexpect[39m(res[33m.
[39mstatus)[33m.[39m[34mto
Be[39m([34m404[39m)[33m;
[39m
    [90m   |[39m           
                     
[31m^[39m
    [90m 83|[39m           
  expect(res.body.message).to
Contain('Invalid or expired 
couΓÇª
    [90m 84|[39m         
})[33m;[39m

[31m[2mΓÄ»ΓÄ»ΓÄ»ΓÄ»ΓÄ»ΓÄ»ΓÄ
»ΓÄ»ΓÄ»ΓÄ»ΓÄ»ΓÄ»ΓÄ»ΓÄ»ΓÄ»ΓÄ»Γ
Ä»ΓÄ»ΓÄ»ΓÄ»ΓÄ»ΓÄ»ΓÄ»ΓÄ»[1/1]Γ
Ä»[22m[39m


[2m Test Files [22m [1m[31m1 failed[39m[22m[90m (1)[39m
[2m      Tests [22m [1m[31m1 failed[39m[22m[2m | [22m[1m[32m3 passed[39m[22m[90m (4)[39m
[2m   Start at [22m 17:25:36
[2m   Duration [22m 2.17s[2m (transform 504ms, setup 0ms, import 1.76s, tests 134ms, environment 0ms)[22m

